---
source: crates/finlang-types/tests/examples.rs
expression: rendered
---
[
    "331..356 => price",
    "351..356 => price",
    "357..382 => price",
    "377..382 => price",
    "383..407 => rate",
    "403..407 => rate",
    "408..432 => rate",
    "428..432 => rate",
    "433..456 => years",
    "453..456 => years",
    "458..526 => price",
    "482..526 => price",
    "496..500 => price",
    "502..508 => price",
    "510..513 => rate",
    "515..516 => rate",
    "518..519 => years",
    "521..525 => option_type",
    "527..590 => rate",
    "551..590 => rate",
    "560..564 => price",
    "566..572 => price",
    "574..577 => rate",
    "579..580 => rate",
    "582..583 => years",
    "585..589 => option_type",
    "591..648 => rate",
    "615..648 => rate",
    "624..628 => price",
    "630..636 => price",
    "638..641 => rate",
    "643..644 => rate",
    "646..647 => years",
    "649..705 => price",
    "673..705 => price",
    "681..685 => price",
    "687..693 => price",
    "695..698 => rate",
    "700..701 => rate",
    "703..704 => years",
    "707..717 => price",
]
